[nvki-store-23653382.hubspotpagebuilder.com/gyro-ball.html]
[backblue.gif]
[fade.gif]
[index.html]
[cdn2.hubspot.net/hub/7052064/hub_generated/template_assets/1671564435756/hubspot/flux_theme/assets/css/main.min.css]
[cdn2.hubspot.net/hub/-1/hub_generated/module_assets/-47846617941/1671564435934/module_-47846617941_PQL_Content.min.css]
[cdn2.hubspot.net/hub/-1/hub_generated/module_assets/-51827829364/1671564476815/module_-51827829364_Icon.min.css]
[cdn2.hubspot.net/hub/-1/hub_generated/module_assets/-9362205/1671564473375/module_-9362205_Follow_Me_-_LP.min.css]
[nvki-store-23653382.hubspotpagebuilder.com/_hcms/googlefonts/Public_Sans/regular.woff2]
[nvki-store-23653382.hubspotpagebuilder.com/_hcms/googlefonts/Public_Sans/regular.woff]
[nvki-store-23653382.hubspotpagebuilder.com/_hcms/googlefonts/Source_Sans_Pro/regular.woff2]
[nvki-store-23653382.hubspotpagebuilder.com/_hcms/googlefonts/Source_Sans_Pro/regular.woff]
[23653382.fs1.hubspotusercontent-na1.net/hub/23653382/hubfs/nvkistore-removebg-preview1966.png]
[23653382.fs1.hubspotusercontent-na1.net/hub/23653382/hubfs/13436806089_543436575-removebg-preview (1)e0a8.png]
[23653382.fs1.hubspotusercontent-na1.net/hubfs/23653382/Sebf44ba83eee49ee96db7a777d64c12ct_872b2d3f-ff8d-4507-8d95-4d4e915d10ef.jpg]
[23653382.fs1.hubspotusercontent-na1.net/hubfs/23653382/H06617c309ea04ac788bcec4875a4f752y-Edited_480x480.png]
[7303166.fs1.hubspotusercontent-na1.net/hubfs/7303166/Marketing Starter/check_green.png]
[23653382.fs1.hubspotusercontent-na1.net/hub/23653382/hubfs/foto33727.jpg]
[23653382.fs1.hubspotusercontent-na1.net/hub/23653382/hubfs/estrelas-removebg-preview9426.png]
[23653382.fs1.hubspotusercontent-na1.net/hub/23653382/hubfs/foto21542.jpg]
[23653382.fs1.hubspotusercontent-na1.net/hub/23653382/hubfs/foto19820.jpg]
[23653382.fs1.hubspotusercontent-na1.net/hub/23653382/hubfs/13174684004_543436575-removebg-preview (1)7002.png]
[23653382.fs1.hubspotusercontent-na1.net/hub/23653382/hubfs/De_R_325_00-removebg-preview6edb.png]
[nvki-store-23653382.hubspotpagebuilder.com/www.hubspot.com]
[23653382.fs1.hubspotusercontent-na1.net/hub/23653382/hubfs/12950215213_543436575-removebg-preview616c.png]
[23653382.fs1.hubspotusercontent-na1.net/hub/23653382/hubfs/13217402553_543436575__1_-removebg-preview23e9.png]
[nvki-store-23653382.hubspotpagebuilder.com/POST]
[nvki-store-23653382.hubspotpagebuilder.com/hs/hsstatic/cos-i18n/static-1.53/bundles/project.js]
[nvki-store-23653382.hubspotpagebuilder.com/hs/scriptloader/23653382.js]
[nvki-store-23653382.hubspotpagebuilder.com/gyro-ball.html]
[cdn2.hubspot.net/hub/7052064/hub_generated/template_assets/1671564435756/hubspot/flux_theme/assets/css/main.min.css]
[cdn2.hubspot.net/hub/-1/hub_generated/module_assets/-47846617941/1671564435934/module_-47846617941_PQL_Content.min.css]
[cdn2.hubspot.net/hub/-1/hub_generated/module_assets/-51827829364/1671564476815/module_-51827829364_Icon.min.css]
[cdn2.hubspot.net/hub/-1/hub_generated/module_assets/-9362205/1671564473375/module_-9362205_Follow_Me_-_LP.min.css]
[nvki-store-23653382.hubspotpagebuilder.com/index.html]
[nvki-store-23653382.hubspotpagebuilder.com/www.hubspot.html]
[nvki-store-23653382.hubspotpagebuilder.com/POST.html]
[nvki-store-23653382.hubspotpagebuilder.com/hs/hsstatic/HubspotToolsMenu/static-1.143/js/index.js]
